[debug] [2026-02-14T13:48:35.894Z] ----------------------------------------------------------------------
[debug] [2026-02-14T13:48:35.896Z] Command:       /opt/homebrew/Cellar/node/25.6.0/bin/node /opt/homebrew/bin/firebase init hosting
[debug] [2026-02-14T13:48:35.896Z] CLI Version:   15.6.0
[debug] [2026-02-14T13:48:35.896Z] Platform:      darwin
[debug] [2026-02-14T13:48:35.896Z] Node Version:  v25.6.0
[debug] [2026-02-14T13:48:35.896Z] Time:          Sat Feb 14 2026 20:48:35 GMT+0700 (Indochina Time)
[debug] [2026-02-14T13:48:35.896Z] ----------------------------------------------------------------------
[debug] 
[info] 
     ######## #### ########  ######## ########     ###     ######  ########
     ##        ##  ##     ## ##       ##     ##  ##   ##  ##       ##
     ######    ##  ########  ######   ########  #########  ######  ######
     ##        ##  ##    ##  ##       ##     ## ##     ##       ## ##
     ##       #### ##     ## ######## ########  ##     ##  ######  ########

You're about to initialize a Firebase project in this directory:

  /Users/ramonoem/Documents/Documents/Ramon/My Project/portalsystemclearport

[info] 
=== Project Setup
[info] 
[info] First, let's associate this project directory with a Firebase project.
[info] You can create multiple project aliases by running firebase use --add, 
[info] 
[debug] [2026-02-14T13:48:38.844Z] > command requires scopes: ["email","openid","https://www.googleapis.com/auth/cloudplatformprojects.readonly","https://www.googleapis.com/auth/firebase","https://www.googleapis.com/auth/cloud-platform"]
[debug] [2026-02-14T13:48:38.845Z] > authorizing via signed-in user (systemclearport@gmail.com)
[debug] [2026-02-14T13:48:38.846Z] Checked if tokens are valid: true, expires at: 1771080502066
[debug] [2026-02-14T13:48:38.846Z] Checked if tokens are valid: true, expires at: 1771080502066
[debug] [2026-02-14T13:48:38.848Z] >>> [apiv2][query] GET https://firebase.googleapis.com/v1beta1/projects pageSize=100
[debug] [2026-02-14T13:48:39.579Z] <<< [apiv2][status] GET https://firebase.googleapis.com/v1beta1/projects 200
[debug] [2026-02-14T13:48:39.580Z] <<< [apiv2][body] GET https://firebase.googleapis.com/v1beta1/projects [omitted]
[info] 
=== Hosting Setup
[debug] [2026-02-14T13:48:42.353Z] Checked if tokens are valid: true, expires at: 1771080502066
[debug] [2026-02-14T13:48:42.353Z] Checked if tokens are valid: true, expires at: 1771080502066
[debug] [2026-02-14T13:48:42.353Z] >>> [apiv2][query] GET https://firebase.googleapis.com/v1beta1/projects/system-clear-port-b513e [none]
[debug] [2026-02-14T13:48:42.956Z] <<< [apiv2][status] GET https://firebase.googleapis.com/v1beta1/projects/system-clear-port-b513e 200
[debug] [2026-02-14T13:48:42.957Z] <<< [apiv2][body] GET https://firebase.googleapis.com/v1beta1/projects/system-clear-port-b513e {"projectId":"system-clear-port-b513e","projectNumber":"756046169704","displayName":"System Clear Port","name":"projects/system-clear-port-b513e","resources":{"hostingSite":"system-clear-port-b513e"},"state":"ACTIVE","etag":"1_7840d983-77aa-4c74-83fa-ecd535fd87af"}
[info] 
[info] Your public directory is the folder (relative to your project directory) that
[info] will contain Hosting assets to be uploaded with firebase deploy. If you
[info] have a build process for your assets, use your build's output directory.
[info] 
[debug] [2026-02-14T13:49:01.461Z] ExitPromptError: User force closed the prompt with SIGINT
    at Interface.sigint (/opt/homebrew/lib/node_modules/firebase-tools/node_modules/@inquirer/core/dist/commonjs/lib/create-prompt.js:101:37)
    at Interface.emit (node:events:508:20)
    at [_ttyWrite] [as _ttyWrite] (node:internal/readline/interface:1327:18)
    at ReadStream.onkeypress (node:internal/readline/interface:284:20)
    at ReadStream.emit (node:events:520:22)
    at emitKeys (node:internal/readline/utils:371:14)
    at emitKeys.next (<anonymous>)
    at ReadStream.onData (node:internal/readline/emitKeypressEvents:64:36)
    at ReadStream.emit (node:events:508:20)
    at addChunk (node:internal/streams/readable:564:12)
[error] 
[error] Error: An unexpected error has occurred.
[debug] [2026-02-14T13:49:03.378Z] ----------------------------------------------------------------------
[debug] [2026-02-14T13:49:03.379Z] Command:       /opt/homebrew/Cellar/node/25.6.0/bin/node /opt/homebrew/bin/firebase init hosting
[debug] [2026-02-14T13:49:03.379Z] CLI Version:   15.6.0
[debug] [2026-02-14T13:49:03.379Z] Platform:      darwin
[debug] [2026-02-14T13:49:03.380Z] Node Version:  v25.6.0
[debug] [2026-02-14T13:49:03.380Z] Time:          Sat Feb 14 2026 20:49:03 GMT+0700 (Indochina Time)
[debug] [2026-02-14T13:49:03.380Z] ----------------------------------------------------------------------
[debug] 
[info] 
     ######## #### ########  ######## ########     ###     ######  ########
     ##        ##  ##     ## ##       ##     ##  ##   ##  ##       ##
     ######    ##  ########  ######   ########  #########  ######  ######
     ##        ##  ##    ##  ##       ##     ## ##     ##       ## ##
     ##       #### ##     ## ######## ########  ##     ##  ######  ########

You're about to initialize a Firebase project in this directory:

  /Users/ramonoem/Documents/Documents/Ramon/My Project/portalsystemclearport

[info] 
=== Project Setup
[info] 
[info] First, let's associate this project directory with a Firebase project.
[info] You can create multiple project aliases by running firebase use --add, 
[info] 
[debug] [2026-02-14T13:49:03.572Z] > command requires scopes: ["email","openid","https://www.googleapis.com/auth/cloudplatformprojects.readonly","https://www.googleapis.com/auth/firebase","https://www.googleapis.com/auth/cloud-platform"]
[debug] [2026-02-14T13:49:03.573Z] > authorizing via signed-in user (systemclearport@gmail.com)
[debug] [2026-02-14T13:49:03.573Z] Checked if tokens are valid: true, expires at: 1771080502066
[debug] [2026-02-14T13:49:03.573Z] Checked if tokens are valid: true, expires at: 1771080502066
[debug] [2026-02-14T13:49:03.573Z] >>> [apiv2][query] GET https://firebase.googleapis.com/v1beta1/projects/system-clear-port-b513e [none]
[debug] [2026-02-14T13:49:04.058Z] <<< [apiv2][status] GET https://firebase.googleapis.com/v1beta1/projects/system-clear-port-b513e 200
[debug] [2026-02-14T13:49:04.058Z] <<< [apiv2][body] GET https://firebase.googleapis.com/v1beta1/projects/system-clear-port-b513e {"projectId":"system-clear-port-b513e","projectNumber":"756046169704","displayName":"System Clear Port","name":"projects/system-clear-port-b513e","resources":{"hostingSite":"system-clear-port-b513e"},"state":"ACTIVE","etag":"1_7840d983-77aa-4c74-83fa-ecd535fd87af"}
[info] i  Using project system-clear-port-b513e (System Clear Port) . 
[info] 
=== Hosting Setup
[debug] [2026-02-14T13:49:04.069Z] Checked if tokens are valid: true, expires at: 1771080502066
[debug] [2026-02-14T13:49:04.069Z] Checked if tokens are valid: true, expires at: 1771080502066
[debug] [2026-02-14T13:49:04.070Z] >>> [apiv2][query] GET https://firebase.googleapis.com/v1beta1/projects/system-clear-port-b513e [none]
[debug] [2026-02-14T13:49:04.461Z] <<< [apiv2][status] GET https://firebase.googleapis.com/v1beta1/projects/system-clear-port-b513e 200
[debug] [2026-02-14T13:49:04.462Z] <<< [apiv2][body] GET https://firebase.googleapis.com/v1beta1/projects/system-clear-port-b513e {"projectId":"system-clear-port-b513e","projectNumber":"756046169704","displayName":"System Clear Port","name":"projects/system-clear-port-b513e","resources":{"hostingSite":"system-clear-port-b513e"},"state":"ACTIVE","etag":"1_7840d983-77aa-4c74-83fa-ecd535fd87af"}
[info] 
[info] Your public directory is the folder (relative to your project directory) that
[info] will contain Hosting assets to be uploaded with firebase deploy. If you
[info] have a build process for your assets, use your build's output directory.
[info] 
